[www.mererid.co.uk/index.html]
[www.mererid.co.uk/sites/mererid.co.uk/themes/mererid/favicon.ico]
[backblue.gif]
[fade.gif]
[index.html]
[www.mererid.co.uk/sites/mererid.co.uk/files/css/css_lQaZfjVpwP_oGNqdtWCSpJT1EMqXdMiU84ekLLxQnc4.css]
[www.mererid.co.uk/sites/mererid.co.uk/files/css/css_botNHIYRQPys-RH2iA3U4LbV9bPNRS64tLAs8ec1ch8.css]
[www.mererid.co.uk/sites/mererid.co.uk/files/css/css_PGbJgHCUCBf4dg7K9Kt8aAwsApndP4GZ9RuToPy3-Fk.css]
[www.mererid.co.uk/sites/mererid.co.uk/files/css/css_91akY3YTaAxRizWOeCql1q8-alRHamI2-_1tgAXlaqc.css]
[www.mererid.co.uk/sites/mererid.co.uk/files/js/js_YD9ro0PAqY25gGWrTki6TjRUG8TdokmmxjfqpNNfzVU.js]
[www.mererid.co.uk/blog/2.html]
[www.mererid.co.uk/contact.html]
[www.mererid.co.uk/node/2.html]
[www.mererid.co.uk/works.html]
[www.mererid.co.uk/node/1.html]
[www.mererid.co.uk/node/5.html]
[www.mererid.co.uk/node/6.html]
[www.mererid.co.uk/node/7.html]
[www.mererid.co.uk/node/8.html]
[www.mererid.co.uk/node/9.html]
[www.mererid.co.uk/node/10.html]
[www.mererid.co.uk/node/11.html]
[www.mererid.co.uk/node/12.html]
[www.mererid.co.uk/node/13.html]
[www.mererid.co.uk/node/14.html]
[www.mererid.co.uk/node/19.html]
[www.mererid.co.uk/node/15.html]
[www.mererid.co.uk/node/16.html]
[www.mererid.co.uk/node/4.html]
[www.mererid.co.uk/node/17.html]
[www.mererid.co.uk/node/18.html]
[www.mererid.co.uk/node/20.html]
[www.mererid.co.uk/node/21.html]
[www.mererid.co.uk/node/22.html]
[www.mererid.co.uk/node/23.html]
[www.mererid.co.uk/node/24.html]
[www.mererid.co.uk/node/25.html]
[www.mererid.co.uk/node/26.html]
[www.mererid.co.uk/node/27.html]
[www.mererid.co.uk/node/28.html]
[www.mererid.co.uk/node/29.html]
[www.mererid.co.uk/node/30.html]
[www.mererid.co.uk/node/31.html]
[www.mererid.co.uk/node/32.html]
[www.mererid.co.uk/node/33.html]
[www.mererid.co.uk/node/34.html]
[www.mererid.co.uk/node/37.html]
[www.mererid.co.uk/node/35.html]
[www.mererid.co.uk/index.html]
[www.mererid.co.uk/node/36.html]
[www.mererid.co.uk/misc/throbber-inactive.png]
[www.mererid.co.uk/misc/throbber-active.gif]
[www.mererid.co.uk/misc/grippie.png]
[www.mererid.co.uk/misc/draggable.png]
[www.mererid.co.uk/misc/tree.png]
[www.mererid.co.uk/misc/tree-bottom.png]
[www.mererid.co.uk/sites/mererid.co.uk/files/css/css_lQaZfjVpwP_oGNqdtWCSpJT1EMqXdMiU84ekLLxQnc4.css]
[www.mererid.co.uk/sites/mererid.co.uk/files/css/css_botNHIYRQPys-RH2iA3U4LbV9bPNRS64tLAs8ec1ch8.css]
[www.mererid.co.uk/sites/all/modules/ctools/images/status-active.gif]
[www.mererid.co.uk/sites/mererid.co.uk/files/css/css_PGbJgHCUCBf4dg7K9Kt8aAwsApndP4GZ9RuToPy3-Fk.css]
[www.mererid.co.uk/sites/mererid.co.uk/themes/mererid/images/progresse5b7.gif]
[www.mererid.co.uk/sites/mererid.co.uk/files/css/css_91akY3YTaAxRizWOeCql1q8-alRHamI2-_1tgAXlaqc.css]
[www.mererid.co.uk/blog/2/feed]
[www.mererid.co.uk/node/53.html]
[www.mererid.co.uk/node/50.html]
[www.mererid.co.uk/node/49.html]
[www.mererid.co.uk/node/44.html]
[www.mererid.co.uk/node/43.html]
[www.mererid.co.uk/node/45.html]
[www.mererid.co.uk/node/42.html]
[www.mererid.co.uk/node/41.html]
[www.mererid.co.uk/node/40.html]
[www.mererid.co.uk/node/39.html]
[www.mererid.co.uk/misc/feed.png]
[www.mererid.co.uk/blog/2.html]
[www.google.com/recaptcha/apifef7.js]
[www.mererid.co.uk/sites/mererid.co.uk/files/js/js_OleKOf9_B3i8KMuL1Hw42y0CdgVBVJBkK2f0bnCIGKY.js]
[www.mererid.co.uk/contact.html]
[www.mererid.co.uk/node/2.html]
[www.mererid.co.uk/sites/mererid.co.uk/files/js/js_XkUrtFQHvL33wQxPR5kvLcGDYGa3UIQwqDrfwsM_Njw.js]
[www.mererid.co.uk/sites/mererid.co.uk/files/css/css_jxAiojkpaxK7NVeJUUcn8wQR_CyKgFyX9ozbBH_mma0.css]
[www.mererid.co.uk/node/52.html]
[www.mererid.co.uk/sites/mererid.co.uk/files/styles/medium/public/works/images/24981-img_7981.cr2_82b0.jpg]
[www.mererid.co.uk/sites/mererid.co.uk/files/styles/medium/public/works/images/24980-img_7982.cr2_2f38.jpg]
[www.mererid.co.uk/sites/mererid.co.uk/files/styles/medium/public/works/images/24989-img_8000.cr2_602b.jpg]
[www.mererid.co.uk/sites/mererid.co.uk/files/styles/medium/public/works/images/24977-img_7990.cr2_c6d7.jpg]
[www.mererid.co.uk/sites/mererid.co.uk/files/styles/medium/public/works/images/24975-img_7995.cr2_2330.jpg]
[www.mererid.co.uk/sites/mererid.co.uk/files/styles/medium/public/works/images/24976-img_7991.cr2_70e2.jpg]
[www.mererid.co.uk/node/51.html]
[www.mererid.co.uk/sites/mererid.co.uk/files/styles/medium/public/works/images/Exhibition_no_light_9s4f05.jpg]
[www.mererid.co.uk/sites/mererid.co.uk/files/styles/medium/public/works/images/Exhibition_no_light_1s71ad.jpg]
[www.mererid.co.uk/sites/mererid.co.uk/files/styles/medium/public/works/images/20180904_145428s5485.jpg]
[www.mererid.co.uk/sites/mererid.co.uk/files/styles/medium/public/works/images/Exhibition_no_light_7s7c73.jpg]
[www.mererid.co.uk/sites/mererid.co.uk/files/styles/medium/public/works/images/Exhibition_no_light_3s66c3.jpg]
[www.mererid.co.uk/sites/mererid.co.uk/files/styles/medium/public/works/images/Exhibition_no_light_5s7f72.jpg]
[www.mererid.co.uk/sites/mererid.co.uk/files/styles/medium/public/works/images/42210181_292064004907867_9104436798926356480_n06af.jpg]
[www.mererid.co.uk/node/48.html]
[www.mererid.co.uk/sites/mererid.co.uk/files/styles/medium/public/works/images/IMG_7844sb895.jpg]
[www.mererid.co.uk/sites/mererid.co.uk/files/styles/medium/public/works/images/IMG_7831sae95.jpg]
[www.mererid.co.uk/sites/mererid.co.uk/files/styles/medium/public/works/images/IMG_7857scabf.jpg]
[www.mererid.co.uk/node/47.html]
[www.mererid.co.uk/sites/mererid.co.uk/files/styles/medium/public/works/images/WhitesColourChart_frontf61e.jpg]
[www.mererid.co.uk/sites/mererid.co.uk/files/styles/medium/public/works/images/WhitesColourChart_backf1ea.jpg]
[www.mererid.co.uk/node/46.html]
[www.mererid.co.uk/sites/mererid.co.uk/files/styles/medium/public/works/images/IMG_7760b8b6.jpg]
[www.mererid.co.uk/sites/mererid.co.uk/files/styles/medium/public/works/images/20170524_133025detailef73.jpg]
[www.mererid.co.uk/sites/mererid.co.uk/files/styles/medium/public/works/images/20170524_133035detaild820.jpg]
[www.mererid.co.uk/sites/mererid.co.uk/files/styles/medium/public/works/images/IMG_7744c82a.jpg]
[www.mererid.co.uk/sites/mererid.co.uk/files/styles/medium/public/works/images/wallpaperdetailmushroom5d11.jpg]
[www.mererid.co.uk/sites/mererid.co.uk/files/styles/medium/public/works/images/wallpaperdetailmescal82c1.jpg]
[www.mererid.co.uk/sites/mererid.co.uk/files/styles/medium/public/works/images/2018-09-18 22.44.48179d.jpg]
[www.mererid.co.uk/sites/mererid.co.uk/files/styles/medium/public/works/images/2018-09-18 22.43.27ea55.jpg]
[www.mererid.co.uk/works.html]
[www.mererid.co.uk/node/1.html]
[www.mererid.co.uk/node/5.html]
[www.mererid.co.uk/node/6.html]
[www.mererid.co.uk/node/7.html]
[www.mererid.co.uk/node/8.html]
[www.mererid.co.uk/node/9.html]
[www.mererid.co.uk/node/10.html]
[www.mererid.co.uk/node/11.html]
[www.mererid.co.uk/node/12.html]
[www.mererid.co.uk/node/13.html]
[www.mererid.co.uk/node/14.html]
[www.mererid.co.uk/node/19.html]
[www.mererid.co.uk/node/15.html]
[www.mererid.co.uk/node/16.html]
[www.mererid.co.uk/node/4.html]
[www.mererid.co.uk/node/17.html]
[www.mererid.co.uk/node/18.html]
[www.mererid.co.uk/node/20.html]
[www.mererid.co.uk/node/21.html]
[www.mererid.co.uk/node/22.html]
[www.mererid.co.uk/node/23.html]
[www.mererid.co.uk/node/24.html]
[www.mererid.co.uk/node/25.html]
[www.mererid.co.uk/node/26.html]
[www.mererid.co.uk/node/27.html]
[www.mererid.co.uk/node/28.html]
[www.mererid.co.uk/node/29.html]
[www.mererid.co.uk/node/30.html]
[www.mererid.co.uk/node/31.html]
[www.mererid.co.uk/node/32.html]
[www.mererid.co.uk/node/33.html]
[www.mererid.co.uk/node/34.html]
[www.mererid.co.uk/node/37.html]
[www.mererid.co.uk/node/35.html]
[www.mererid.co.uk/node/36.html]
[www.mererid.co.uk/sites/mererid.co.uk/files/styles/large/public/blog/images/52487896_620562918363919_4891886210189885440_n8063.jpg]
[www.mererid.co.uk/node/53.html]
[www.mererid.co.uk/sites/mererid.co.uk/files/styles/large/public/blog/images/AP3 poster final web7433.jpg]
[www.mererid.co.uk/node/50.html]
[www.mererid.co.uk/sites/mererid.co.uk/files/styles/large/public/blog/images/LOL3e9af.jpg]
[www.mererid.co.uk/sites/mererid.co.uk/files/styles/large/public/blog/images/LOL19577.jpg]
[www.mererid.co.uk/node/49.html]
[www.mererid.co.uk/sites/mererid.co.uk/files/styles/large/public/blog/images/Art in the attic1d26d.jpg]
[www.mererid.co.uk/sites/mererid.co.uk/files/styles/large/public/blog/images/Art in the attic288ea.jpg]
[www.mererid.co.uk/sites/mererid.co.uk/files/styles/large/public/blog/images/Art in the attic36b41.jpg]
[www.mererid.co.uk/sites/mererid.co.uk/files/styles/large/public/blog/images/Art in the attic40ddf.jpg]
[www.mererid.co.uk/node/44.html]
[www.mererid.co.uk/sites/mererid.co.uk/files/styles/large/public/blog/images/lexicon of lust poster smalld92e.jpg]
[www.mererid.co.uk/node/43.html]
[www.mererid.co.uk/sites/mererid.co.uk/files/styles/large/public/blog/images/IMG_7831s9a7f.jpg]
[www.mererid.co.uk/sites/mererid.co.uk/files/styles/large/public/blog/images/IMG_7857se5dd.jpg]
[www.mererid.co.uk/node/45.html]
[www.mererid.co.uk/sites/mererid.co.uk/files/styles/large/public/blog/images/invite2a1da.jpg]
[www.mererid.co.uk/node/42.html]
[www.mererid.co.uk/sites/mererid.co.uk/files/styles/large/public/blog/images/INVITATIONc5eb.jpg]
[www.mererid.co.uk/node/41.html]
[www.mererid.co.uk/sites/mererid.co.uk/files/styles/large/public/blog/images/20180112_200844s1d8d.jpg]
[www.mererid.co.uk/sites/mererid.co.uk/files/styles/large/public/blog/images/20180112_201019s9467.jpg]
[www.mererid.co.uk/sites/mererid.co.uk/files/styles/large/public/blog/images/20180112_200559s40ed.jpg]
[www.mererid.co.uk/node/40.html]
[www.mererid.co.uk/node/39.html]
[www.mererid.co.uk/sites/mererid.co.uk/files/css/css_jxAiojkpaxK7NVeJUUcn8wQR_CyKgFyX9ozbBH_mma0.css]
[www.mererid.co.uk/sites/mererid.co.uk/files/works/images/24981-img_7981.cr2_.jpg]
[www.mererid.co.uk/sites/mererid.co.uk/files/styles/large/public/works/images/24981-img_7981.cr2_09b2.jpg]
[www.mererid.co.uk/sites/mererid.co.uk/files/works/images/24980-img_7982.cr2_.jpg]
[www.mererid.co.uk/sites/mererid.co.uk/files/styles/large/public/works/images/24980-img_7982.cr2_7369.jpg]
[www.mererid.co.uk/sites/mererid.co.uk/files/works/images/24989-img_8000.cr2_.jpg]
[www.mererid.co.uk/sites/mererid.co.uk/files/styles/large/public/works/images/24989-img_8000.cr2_0e11.jpg]
[www.mererid.co.uk/sites/mererid.co.uk/files/works/images/24977-img_7990.cr2_.jpg]
[www.mererid.co.uk/sites/mererid.co.uk/files/styles/large/public/works/images/24977-img_7990.cr2_4af0.jpg]
[www.mererid.co.uk/sites/mererid.co.uk/files/works/images/24975-img_7995.cr2_.jpg]
[www.mererid.co.uk/sites/mererid.co.uk/files/styles/large/public/works/images/24975-img_7995.cr2_3451.jpg]
[www.mererid.co.uk/sites/mererid.co.uk/files/works/images/24976-img_7991.cr2_.jpg]
[www.mererid.co.uk/sites/mererid.co.uk/files/styles/large/public/works/images/24976-img_7991.cr2_e2db.jpg]
[www.mererid.co.uk/node/52.html]
[www.mererid.co.uk/sites/mererid.co.uk/files/works/images/Exhibition_no_light_9s.jpg]
[www.mererid.co.uk/sites/mererid.co.uk/files/styles/large/public/works/images/Exhibition_no_light_9sb9fc.jpg]
[www.mererid.co.uk/sites/mererid.co.uk/files/works/images/Exhibition_no_light_1s.jpg]
[www.mererid.co.uk/sites/mererid.co.uk/files/styles/large/public/works/images/Exhibition_no_light_1s46cc.jpg]
[www.mererid.co.uk/sites/mererid.co.uk/files/works/images/20180904_145428s.jpg]
[www.mererid.co.uk/sites/mererid.co.uk/files/styles/large/public/works/images/20180904_145428sc574.jpg]
[www.mererid.co.uk/sites/mererid.co.uk/files/works/images/Exhibition_no_light_7s.jpg]
[www.mererid.co.uk/sites/mererid.co.uk/files/styles/large/public/works/images/Exhibition_no_light_7s307c.jpg]
[www.mererid.co.uk/sites/mererid.co.uk/files/works/images/Exhibition_no_light_3s.jpg]
[www.mererid.co.uk/sites/mererid.co.uk/files/styles/large/public/works/images/Exhibition_no_light_3s60b5.jpg]
[www.mererid.co.uk/sites/mererid.co.uk/files/works/images/Exhibition_no_light_5s.jpg]
[www.mererid.co.uk/sites/mererid.co.uk/files/styles/large/public/works/images/Exhibition_no_light_5s4318.jpg]
[www.mererid.co.uk/sites/mererid.co.uk/files/works/images/42210181_292064004907867_9104436798926356480_n.jpg]
[www.mererid.co.uk/sites/mererid.co.uk/files/styles/large/public/works/images/42210181_292064004907867_9104436798926356480_n3eb0.jpg]
[www.mererid.co.uk/node/51.html]
[www.mererid.co.uk/sites/mererid.co.uk/files/works/images/IMG_7844s.jpg]
[www.mererid.co.uk/sites/mererid.co.uk/files/styles/large/public/works/images/IMG_7844sdba5.jpg]
[www.mererid.co.uk/sites/mererid.co.uk/files/works/images/IMG_7831s.jpg]
[www.mererid.co.uk/sites/mererid.co.uk/files/styles/large/public/works/images/IMG_7831sc43f.jpg]
[www.mererid.co.uk/sites/mererid.co.uk/files/works/images/IMG_7857s.jpg]
[www.mererid.co.uk/sites/mererid.co.uk/files/styles/large/public/works/images/IMG_7857sb1d4.jpg]
[www.mererid.co.uk/node/48.html]
[www.mererid.co.uk/sites/mererid.co.uk/files/works/images/WhitesColourChart_front.jpg]
[www.mererid.co.uk/sites/mererid.co.uk/files/styles/large/public/works/images/WhitesColourChart_fronte55d.jpg]
[www.mererid.co.uk/sites/mererid.co.uk/files/works/images/WhitesColourChart_back.jpg]
[www.mererid.co.uk/sites/mererid.co.uk/files/styles/large/public/works/images/WhitesColourChart_backb0d1.jpg]
[www.mererid.co.uk/node/47.html]
[www.mererid.co.uk/sites/mererid.co.uk/files/works/images/IMG_7760.jpg]
[www.mererid.co.uk/sites/mererid.co.uk/files/styles/large/public/works/images/IMG_7760f867.jpg]
[www.mererid.co.uk/sites/mererid.co.uk/files/works/images/20170524_133025detail.jpg]
[www.mererid.co.uk/sites/mererid.co.uk/files/works/images/20170524_133035detail.jpg]
[www.mererid.co.uk/sites/mererid.co.uk/files/styles/large/public/works/images/20170524_133035detail1d17.jpg]
[www.mererid.co.uk/sites/mererid.co.uk/files/works/images/IMG_7744.jpg]
[www.mererid.co.uk/sites/mererid.co.uk/files/styles/large/public/works/images/IMG_7744ef80.jpg]
[www.mererid.co.uk/sites/mererid.co.uk/files/works/images/wallpaperdetailmushroom.jpg]
[www.mererid.co.uk/sites/mererid.co.uk/files/styles/large/public/works/images/wallpaperdetailmushrooma976.jpg]
[www.mererid.co.uk/sites/mererid.co.uk/files/works/images/wallpaperdetailmescal.jpg]
[www.mererid.co.uk/sites/mererid.co.uk/files/styles/large/public/works/images/wallpaperdetailmescalf4c6.jpg]
[www.mererid.co.uk/sites/mererid.co.uk/files/works/images/2018-09-18 22.44.48.jpg]
[www.mererid.co.uk/sites/mererid.co.uk/files/styles/large/public/works/images/2018-09-18 22.44.48ed18.jpg]
[www.mererid.co.uk/sites/mererid.co.uk/files/works/images/2018-09-18 22.43.27.jpg]
[www.mererid.co.uk/sites/mererid.co.uk/files/styles/large/public/works/images/2018-09-18 22.43.2704c7.jpg]
[www.mererid.co.uk/node/46.html]
[www.mererid.co.uk/sites/mererid.co.uk/files/styles/large/public/works/images/20170524_133025detailb2ca.jpg]
